ΓÜá∩╕Å Running AgentRunner in mock mode. No real API calls will be made to OpenAI.
================================================================================
MULTI-AGENT COORDINATION TEST
================================================================================ 

==== Testing Multi-Agent Coordination ====


----- Testing instruction: "Book a flight from New York to San Francisco for next Monday, and schedule a meeting with the team at 2pm the day after arrival" -----

Executing instruction: Book a flight from New York to San Francisco for next Monday, and schedule a meeting with the team at 2pm the day after arrival
Mock mode: Generating mock plan for: Book a flight from New York to San Francisco for next Monday, and schedule a meeting with the team at 2pm the day after arrival
[FlightBookingAgent] Executing task: {
  "task": "Flight search",
  "parameters": {
    "query": "Book a flight from New York to San Francisco for next Monday, and schedule a meeting with the team at 2pm the day after arrival"
  }
}
[CalendarAgent] Executing task: {
  "task": "Calendar management",
  "parameters": {
    "event": "Book a flight from New York to San Francisco for next Monday, and schedule a meeting with the team at 2pm the day after arrival"
  }
}
[FlightBookingAgent] Executing task: {
  "task": "Flight booking",
  "parameters": {
    "flightDetails": "details from task1"
  }
}
Mock mode: Generating mock synthesis for results
Execution succeeded in 0.00 seconds

Task Plan:
  - Task task1: Flight search (Agent: flightBooking)
  - Task task2: Flight booking (Agent: flightBooking)
  - Task task3: Calendar management (Agent: calendar)

Final Result:
  Summary: Completed 3 tasks related to "Book a flight from New York to San Francisco for next Monday, and schedule a meeting with the team at 2pm the day after arrival". Found and processed flight information. Scheduled relevant events in the calendar.

  Recommendations:
    - Consider reviewing all the task outputs for completeness
    - Verify dates and times for any scheduled events
    - Check email drafts before sending

  Next Steps:
    - Confirm the specified actions
    - Provide any missing information
    - Execute the prepared tasks
================================================================================

----- Testing instruction: "Draft an email to the team about the upcoming project deadline, and schedule a review meeting for next Friday at 10am" -----

Executing instruction: Draft an email to the team about the upcoming project deadline, and schedule a review meeting for next Friday at 10am
Mock mode: Generating mock plan for: Draft an email to the team about the upcoming project deadline, and schedule a review meeting for next Friday at 10am
[CalendarAgent] Executing task: {
  "task": "Calendar management",
  "parameters": {
    "event": "Draft an email to the team about the upcoming project deadline, and schedule a review meeting for next Friday at 10am"
  }
}
[CommunicationAgent] Executing task: {
  "task": "Email drafting",
  "parameters": {
    "subject": "Re: Draft an email to the team about the upcoming project deadline, and schedule a review meeting for next Friday at 10am",
    "body": "Mock email body about: Draft an email to the team about the upcoming project deadline, and schedule a review meeting for next Friday at 10am"
  }
}
Mock mode: Generating mock synthesis for results
Execution succeeded in 0.00 seconds

Task Plan:
  - Task task1: Calendar management (Agent: calendar)
  - Task task2: Email drafting (Agent: communication)

Final Result:
  Summary: Completed 2 tasks related to "Draft an email to the team about the upcoming project deadline, and schedule a review meeting for next Friday at 10am". Scheduled relevant events in the calendar. Prepared necessary communications.

  Recommendations:
    - Consider reviewing all the task outputs for completeness
    - Verify dates and times for any scheduled events
    - Check email drafts before sending

  Next Steps:
    - Confirm the specified actions
    - Provide any missing information
    - Execute the prepared tasks
================================================================================

----- Testing instruction: "Find the next available flight to Chicago and notify my manager about the business trip" -----

Executing instruction: Find the next available flight to Chicago and notify my manager about the business trip
Mock mode: Generating mock plan for: Find the next available flight to Chicago and notify my manager about the business trip
[FlightBookingAgent] Executing task: {
  "task": "Flight search",
  "parameters": {
    "query": "Find the next available flight to Chicago and notify my manager about the business trip"
  }
}
[CommunicationAgent] Executing task: {
  "task": "Email drafting",
  "parameters": {
    "subject": "Re: Find the next available flight to Chicago and notify my manager about the business trip",
    "body": "Mock email body about: Find the next available flight to Chicago and notify my manager about the business trip"
  }
}
[FlightBookingAgent] Executing task: {
  "task": "Flight booking",
  "parameters": {
    "flightDetails": "details from task1"
  }
}
Mock mode: Generating mock synthesis for results
Execution succeeded in 0.00 seconds

Task Plan:
  - Task task1: Flight search (Agent: flightBooking)
  - Task task2: Flight booking (Agent: flightBooking)
  - Task task3: Email drafting (Agent: communication)

Final Result:
  Summary: Completed 3 tasks related to "Find the next available flight to Chicago and notify my manager about the business trip". Found and processed flight information. Prepared necessary communications.

  Recommendations:
    - Consider reviewing all the task outputs for completeness
    - Verify dates and times for any scheduled events
    - Check email drafts before sending

  Next Steps:
    - Confirm the specified actions
    - Provide any missing information
    - Execute the prepared tasks
================================================================================

All agent tests completed.
